
> the-boma-cafe@0.1.0 build
> next build

  ▲ Next.js 14.2.3

   Creating an optimized production build ...
node.exe : Failed to compile.
At line:1 char:1
+ & "C:\Program Files\nodejs/node.exe" "C:\Program Files\nodejs/node_mo ...
+ ~~~~~~~~~~~~~~~~~~~~~~~~~~~~~~~~~~~~~~~~~~~~~~~~~~~~~~~~~~~~~~~~~~~~~
    + CategoryInfo          : NotSpecified: (Failed to compile.:String) [], RemoteException
    + FullyQualifiedErrorId : NativeCommandError
 

./src/app/page.tsx
Error: 
  [31mx[0m the name `PopupModal` is defined multiple times
    ,-[[36;1;4mC:\Users\stoph\OneDrive\Documents\BOMA\the-boma-cafe\src\app\page.tsx[0m:8:1]
 [2m 8[0m | import Footer from '@/components/layout/Footer';
 [2m 9[0m | import AnnouncementBar from '@/components/ui/AnnouncementBar';
 [2m10[0m | import { cmsService } from '@/lib/client-cms';
 [2m11[0m | import PopupModal from '@/components/ui/PopupModal';
    : [31;1m       ^^^^^|^^^^[0m
    :             [31;1m`-- [31;1mprevious definition of `PopupModal` here[0m[0m
 [2m12[0m | import WeekendBuffetPopup from '@/components/ui/WeekendBuffetPopup';
 [2m13[0m | import Slideshow from '@/components/ui/Slideshow';
 [2m14[0m | import FadeInSection from '@/components/ui/FadeInSection';
 [2m15[0m | import UpcomingEventsSection from '@/components/sections/UpcomingEventsSection';
 [2m16[0m | import AboutSection from '@/components/sections/AboutSection';
 [2m17[0m | import FounderSection from '@/components/sections/FounderSection';
 [2m18[0m | import styles from './page.module.css';
 [2m19[0m | 
 [2m20[0m | const PopupModal = dynamic(() => import('@/components/ui/PopupModal'), { ssr: false });
    : [33;1m      ^^^^^|^^^^[0m
    :            [33;1m`-- [33;1m`PopupModal` redefined here[0m[0m
 [2m21[0m | 
 [2m22[0m | const heroSlides = [
 [2m22[0m |   {
    `----

Import trace for requested module:
./src/app/page.tsx


> Build failed because of webpack errors
